// Jest Snapshot v1, https://goo.gl/fbAQLP

exports[`Test scenarios for <Footer/> component should match with the existing snapshot 1`] = `
<footer
  className="makeStyles-footer-1"
>
  <div
    className="MuiGrid-root MuiGrid-container MuiGrid-align-items-xs-center MuiGrid-justify-xs-space-between"
  >
    <div
      className="MuiGrid-root MuiGrid-item"
    >
      <p
        className="MuiTypography-root MuiTypography-body1 MuiTypography-noWrap"
      >
        WSO2 APIM v3.0.0 | Â© 2019 WSO2 Inc
      </p>
    </div>
    <div
      className="MuiGrid-root MuiGrid-item"
    >
      <button
        aria-describedby={null}
        className="MuiButtonBase-root MuiButton-root MuiButton-text MuiButton-sizeSmall"
        disabled={false}
        onBlur={[Function]}
        onClick={[Function]}
        onDragLeave={[Function]}
        onFocus={[Function]}
        onKeyDown={[Function]}
        onKeyUp={[Function]}
        onMouseDown={[Function]}
        onMouseLeave={[Function]}
        onMouseOver={[Function]}
        onMouseUp={[Function]}
        onTouchEnd={[Function]}
        onTouchMove={[Function]}
        onTouchStart={[Function]}
        tabIndex={0}
        title="Send feedback"
        type="button"
      >
        <span
          className="MuiButton-label"
        >
          <svg
            aria-hidden="true"
            className="MuiSvgIcon-root"
            focusable="false"
            role="presentation"
            viewBox="0 0 24 24"
          >
            <path
              d="M20 2H4c-1.1 0-1.99.9-1.99 2L2 22l4-4h14c1.1 0 2-.9 2-2V4c0-1.1-.9-2-2-2zm-7 12h-2v-2h2v2zm0-4h-2V6h2v4z"
            />
          </svg>
        </span>
        <span
          className="MuiTouchRipple-root"
        />
      </button>
    </div>
  </div>
</footer>
`;
